// Jest Snapshot v1, https://goo.gl/fbAQLP

exports[`createRecord creates a record 1`] = `
MarcRecord {
  "_validationOptions": Object {},
  "fields": Array [],
  "leader": "",
}
`;
